(node:4) Warning: The 'NO_COLOR' env is ignored due to the 'FORCE_COLOR' env being set.
(Use `node --trace-warnings ...` to show where the warning was created)
[WebServer] (node:20) Warning: The 'NO_COLOR' env is ignored due to the 'FORCE_COLOR' env being set.
[WebServer] (Use `node --trace-warnings ...` to show where the warning was created)
[WebServer] (node:31) Warning: The 'NO_COLOR' env is ignored due to the 'FORCE_COLOR' env being set.
[WebServer] (Use `node --trace-warnings ...` to show where the warning was created)

Running 191 tests using 6 workers

(node:76) Warning: The 'NO_COLOR' env is ignored due to the 'FORCE_COLOR' env being set.
(Use `node --trace-warnings ...` to show where the warning was created)
(node:75) Warning: The 'NO_COLOR' env is ignored due to the 'FORCE_COLOR' env being set.
(Use `node --trace-warnings ...` to show where the warning was created)
(node:93) Warning: The 'NO_COLOR' env is ignored due to the 'FORCE_COLOR' env being set.
(Use `node --trace-warnings ...` to show where the warning was created)
(node:74) Warning: The 'NO_COLOR' env is ignored due to the 'FORCE_COLOR' env being set.
(Use `node --trace-warnings ...` to show where the warning was created)
(node:94) Warning: The 'NO_COLOR' env is ignored due to the 'FORCE_COLOR' env being set.
(Use `node --trace-warnings ...` to show where the warning was created)
(node:82) Warning: The 'NO_COLOR' env is ignored due to the 'FORCE_COLOR' env being set.
(Use `node --trace-warnings ...` to show where the warning was created)
  ✓    4 [chromium] › e2e/connections-open.spec.ts:59:5 › 390px › the list opened by its link appears at its final size (1.0s)
  ✓    2 [chromium] › e2e/connections-open.spec.ts:65:5 › 390px › the list opened from another page appears at its final size (1.2s)
  ✓    1 [chromium] › e2e/connections-open.spec.ts:75:5 › 1440px › the list shown again from the other tab keeps its size (1.2s)
  ✓    5 [chromium] › e2e/connections-open.spec.ts:59:5 › 1440px › the list opened by its link appears at its final size (1.3s)
  ✓    3 [chromium] › e2e/connections-open.spec.ts:65:5 › 1440px › the list opened from another page appears at its final size (1.3s)
  ✓    6 [chromium] › e2e/connections-open.spec.ts:75:5 › 390px › the list shown again from the other tab keeps its size (1.6s)
  ✓    7 [chromium] › e2e/connections.spec.ts:27:1 › English Started values fit without truncation (977ms)
  ✓    8 [chromium] › e2e/connections.spec.ts:37:1 › a column can be resized with the keyboard (999ms)
  ✓   11 [chromium] › e2e/connections.spec.ts:108:1 › connection filtering narrows the collection and renders an empty result (1.0s)
  ✓   10 [chromium] › e2e/connections.spec.ts:90:1 › Home and End move between rows from a control inside a cell (1.4s)
  ✓   12 [chromium] › e2e/connections.spec.ts:126:1 › activating a checked source or rule removes that filter (1.5s)
  ✓   15 [chromium] › e2e/connections.spec.ts:183:1 › 1000 connections keep the DOM bounded at the top, middle and bottom (876ms)
  ✓   13 [chromium] › e2e/connections.spec.ts:158:1 › connection selection survives a runtime poll (1.2s)
  ✓    9 [chromium] › e2e/connections.spec.ts:60:1 › connection selection follows clicks, arrows and Home/End across virtual rows (2.3s)
  ✓   14 [chromium] › e2e/connections.spec.ts:170:1 › connection deep links reveal selected rows, including same-route query changes (1.4s)
  ✓   18 [chromium] › e2e/connections.spec.ts:289:3 › short connection lists › virtualizes immediately and keeps first-visible sizing and type-ahead (754ms)
  ✓   20 [chromium] › e2e/connections.spec.ts:349:3 › a folded group › a connection opened by its id unfolds its group once (910ms)
  ✓   19 [chromium] › e2e/connections.spec.ts:310:3 › folding groups › collapse all holds across polls, one group reopens, and a new grouping starts expanded (1.4s)
(node:82) ExperimentalWarning: localStorage is not available because --localstorage-file was not provided.
  ✓   17 [chromium] › e2e/connections.spec.ts:240:1 › group slots take focus but never the selection across virtual keyboard navigation (1.7s)
(node:94) ExperimentalWarning: localStorage is not available because --localstorage-file was not provided.
  ✓   21 [chromium] › e2e/connections.spec.ts:372:1 › a detail panel leaves Escape to an alert dialog above it (1.3s)
  ✓   16 [chromium] › e2e/connections.spec.ts:201:1 › column visibility, sorting and grouping persist without expanding the virtual DOM (2.4s)
  ✓   22 [chromium] › e2e/connections.spec.ts:395:3 › default view › groups by client with counts and opens the selection beside the table (1.6s)
  ✓   25 [chromium] › e2e/connections.spec.ts:458:1 › phone details retain routing diagnostics and omit unsupported flow actions (1.0s)
  ✓   23 [chromium] › e2e/connections.spec.ts:418:1 › closing a connection removes it from the list and clears the selection (1.5s)
  ✓   24 [chromium] › e2e/connections.spec.ts:436:1 › a connection opened while another closes stays selected (1.3s)
  ✓   26 [chromium] › e2e/connections.spec.ts:478:1 › the connection More menu opens with Enter and gives focus back on Escape (1.1s)
  ✓   27 [chromium] › e2e/connections.spec.ts:493:1 › the connection list exports the filtered rows as CSV (1.2s)
(node:74) ExperimentalWarning: localStorage is not available because --localstorage-file was not provided.
  ✓   29 [chromium] › e2e/connections.spec.ts:520:1 › the Select menu lists every device and rule and filters them once the list is long (652ms)
  ✓   32 [chromium] › e2e/connections.spec.ts:572:1 › a linked filter clears when the address loses it (734ms)
(node:75) ExperimentalWarning: localStorage is not available because --localstorage-file was not provided.
  ✓   30 [chromium] › e2e/connections.spec.ts:534:1 › the outbound filter is searchable (1.2s)
  ✓   28 [chromium] › e2e/connections.spec.ts:510:1 › connection filters live in the URL and survive a reload (1.6s)
  ✓   33 [chromium] › e2e/connections.spec.ts:580:1 › general IP search matches destinations while explicit source links constrain clients (1.0s)
  ✓   31 [chromium] › e2e/connections.spec.ts:545:1 › close all with a rule filter closes the listed rows only (1.5s)
  ✓   38 [chromium] › e2e/connections.spec.ts:720:1 › an empty connection list keeps its message in view on a narrow screen (263ms)
  ✓   34 [chromium] › e2e/connections.spec.ts:618:1 › close confirmation freezes listed IDs above the bulk limit and excludes new arrivals (1.2s)
  ✓   35 [chromium] › e2e/connections.spec.ts:665:1 › close all reports skipped connections as information, as Settings does (1.1s)
  ✓   39 [chromium] › e2e/connections.spec.ts:733:1 › plain connection cells truncate with a tooltip like other tables (689ms)
  ✓   37 [chromium] › e2e/connections.spec.ts:712:1 › clearing the filter that opened the table keeps the table open (1.1s)
(node:93) ExperimentalWarning: localStorage is not available because --localstorage-file was not provided.
  ✓   36 [chromium] › e2e/connections.spec.ts:701:1 › a hidden tab keeps its detail drawer closed when the window narrows (1.4s)
(node:76) ExperimentalWarning: localStorage is not available because --localstorage-file was not provided.
  ✓   41 [chromium] › e2e/connections.spec.ts:763:1 › a failed connection read is shown on both tabs with a retry (1.2s)
  ✓   40 [chromium] › e2e/connections.spec.ts:750:3 › with motion › a kept tab brings its open detail back without the entrance (1.5s)
  ✓   43 [chromium] › e2e/group-conditions.spec.ts:30:1 › unfiltered cards show an All nodes Tag with one pencil entry (1.0s)
  ✓   42 [chromium] › e2e/group-conditions.spec.ts:18:1 › compound filters open as visual condition rows and preserve untouched source bytes (3.4s)
  ✓   46 [chromium] › e2e/group-conditions.spec.ts:87:1 › Nodes creates a group through visual AND conditions (3.0s)
  ✓   45 [chromium] › e2e/group-conditions.spec.ts:76:1 › only unrepresentable expressions keep the raw editor (3.4s)
  ✓   44 [chromium] › e2e/group-conditions.spec.ts:39:1 › AND rows, negate and OR filters edit membership and undo incomplete drafts (4.3s)
  ✓   48 [chromium] › e2e/group-conditions.spec.ts:141:1 › mixed argument matches edit visually and keep OR inside a negated AND row (5.1s)
  ✓   47 [chromium] › e2e/group-conditions.spec.ts:112:1 › nested groups have one selector and never appear among Advanced condition kinds (5.4s)
  ✓   51 [chromium] › e2e/group-dialog.spec.ts:116:1 › Nodes creates a filtered group with a final and keeps the draft after validation refuses it (3.0s)
  ✓   54 [chromium] › e2e/group-dialog.spec.ts:204:1 › Nodes explains an unquotable name without opening a group dialog (1.1s)
  ✓   52 [chromium] › e2e/group-dialog.spec.ts:158:3 › Nodes creates a manual group with a default from the draft members (3.4s)
  ✓   49 [chromium] › e2e/group-conditions.spec.ts:164:1 › OR matches can be added, removed and combined with the existing AND row (5.4s)
  ✓   55 [chromium] › e2e/group-dialog.spec.ts:231:7 › 1440-en › create and edit dialogs fit the viewport and return keyboard focus (2.3s)
  ✓   53 [chromium] › e2e/group-dialog.spec.ts:158:3 › Policies creates a manual group with a default from the draft members (3.0s)
  ✓   57 [chromium] › e2e/group-dialog.spec.ts:231:7 › 390-en › create and edit dialogs fit the viewport and return keyboard focus (2.1s)
  ✓   56 [chromium] › e2e/group-dialog.spec.ts:231:7 › 1440-zh-CN › create and edit dialogs fit the viewport and return keyboard focus (2.7s)
  ✓   58 [chromium] › e2e/group-dialog.spec.ts:231:7 › 390-zh-CN › create and edit dialogs fit the viewport and return keyboard focus (1.7s)
  ✓   50 [chromium] › e2e/group-dialog.spec.ts:68:1 › Policies creates a group with all fields in the shared editor (7.9s)
  ✓   59 [chromium] › e2e/group-dialog.spec.ts:297:7 › 390-en-light-scroll › five filters scroll between a fixed title and footer without clipping picker values (2.8s)
  ✓   60 [chromium] › e2e/group-dialog.spec.ts:297:7 › 390-en-dark-scroll › five filters scroll between a fixed title and footer without clipping picker values (2.9s)
  ✓   61 [chromium] › e2e/group-dialog.spec.ts:297:7 › 390-zh-CN-light-scroll › five filters scroll between a fixed title and footer without clipping picker values (2.2s)
  ✓   62 [chromium] › e2e/group-dialog.spec.ts:297:7 › 390-zh-CN-dark-scroll › five filters scroll between a fixed title and footer without clipping picker values (2.2s)
  ✓   63 [chromium] › e2e/group-dialog.spec.ts:297:7 › 390-zh-TW-light-scroll › five filters scroll between a fixed title and footer without clipping picker values (2.4s)
  ✓   66 [chromium] › e2e/group-dialog.spec.ts:360:7 › contextual-help-390-zh-TW › Edit group keeps write details in title help and restores focus after Escape (1.6s)
  ✓   67 [chromium] › e2e/group-dialog.spec.ts:360:7 › contextual-help-390-zh-CN › Edit group keeps write details in title help and restores focus after Escape (1.5s)
  ✓   65 [chromium] › e2e/group-dialog.spec.ts:360:7 › contextual-help-390-en › Edit group keeps write details in title help and restores focus after Escape (1.9s)
  ✓   64 [chromium] › e2e/group-dialog.spec.ts:297:7 › 390-zh-TW-dark-scroll › five filters scroll between a fixed title and footer without clipping picker values (2.4s)
  ✓   68 [chromium] › e2e/group-dialog.spec.ts:360:7 › contextual-help-1440-en › Edit group keeps write details in title help and restores focus after Escape (1.6s)
  ✓   69 [chromium] › e2e/group-dialog.spec.ts:360:7 › contextual-help-1440-zh-TW › Edit group keeps write details in title help and restores focus after Escape (1.6s)
  ✓   70 [chromium] › e2e/group-dialog.spec.ts:360:7 › contextual-help-1440-zh-CN › Edit group keeps write details in title help and restores focus after Escape (1.7s)
  ✓   74 [chromium] › e2e/group-includes.spec.ts:123:3 › pencil is disabled with the read-only reason (2.0s)
  ✓   75 [chromium] › e2e/group-includes.spec.ts:123:3 › pencil is disabled with the ambiguous reason (2.0s)
  ✓   76 [chromium] › e2e/group-includes.spec.ts:141:1 › a group without configuration access offers a disabled pencil and a read-only view (1.1s)
  ✓   77 [chromium] › e2e/group-includes.spec.ts:160:1 › old Arrange links redirect to Policies with no second tab (963ms)
  ✓   73 [chromium] › e2e/group-includes.spec.ts:92:1 › membership jumps stage the node without writing and node links focus their group (3.9s)
  ✓   79 [chromium] › e2e/group-includes.spec.ts:193:1 › a linked group with no members does not show all nodes (2.0s)
  ✓   71 [chromium] › e2e/group-includes.spec.ts:22:1 › one pencil opens the visual editor, no-op saves preserve bytes and tag removal can be undone (5.1s)
  ✓   80 [chromium] › e2e/group-includes.spec.ts:210:3 › phone jumps › phone member links reach the filtered Nodes list and return to the highlighted heading (2.5s)
  ✓   78 [chromium] › e2e/group-includes.spec.ts:167:1 › node search adds a selection and keeps advanced filters unchanged (3.7s)
  ✓   72 [chromium] › e2e/group-includes.spec.ts:57:1 › Nodes creates through the shared editor with region and subscription selections for an automatic policy (6.2s)
  ✓   82 [chromium] › e2e/group-includes.spec.ts:264:1 › a group without filters shows every-node selected (2.0s)
  ✓   84 [chromium] › e2e/group-includes.spec.ts:283:3 › long member names preserve picker rows, labels and tag action sizes at 1440px (1.4s)
  ✓   85 [chromium] › e2e/group-includes.spec.ts:283:3 › long member names preserve picker rows, labels and tag action sizes at 390px (1.3s)
  ✓   81 [chromium] › e2e/group-includes.spec.ts:237:1 › removing the final node and turning every-node off both save an empty group (3.5s)
  ✓   83 [chromium] › e2e/group-includes.spec.ts:275:1 › a stalled first group read does not hide the other policy cards (3.5s)
  ✓   89 [chromium] › e2e/group-layout.spec.ts:32:5 › 1440 light group create and edit share the form inset and disclosure style (1.0s)
  ✓   88 [chromium] › e2e/group-includes.spec.ts:378:1 › the membership summary is a short count with names in a collapsed tag list (1.4s)
  ✓   90 [chromium] › e2e/group-layout.spec.ts:32:5 › 1440 dark group create and edit share the form inset and disclosure style (984ms)
  ✓   93 [chromium] › e2e/group-layout.spec.ts:32:5 › 390 dark group create and edit share the form inset and disclosure style (806ms)
  ✓   92 [chromium] › e2e/group-layout.spec.ts:32:5 › 390 light group create and edit share the form inset and disclosure style (850ms)
  ✓   91 [chromium] › e2e/group-layout.spec.ts:59:3 › 1440 detail tags wrap inside the scroll content edge (1.2s)
  ✓   94 [chromium] › e2e/group-layout.spec.ts:59:3 › 390 detail tags wrap inside the scroll content edge (1.3s)
  ✓   95 [chromium] › e2e/group-layout.spec.ts:114:1 › editor node options, selected tags and matching names retain flag overrides (1.3s)
  ✓   87 [chromium] › e2e/group-includes.spec.ts:348:1 › legacy region counts agree on the card, checkbox, tag and summary before and after editing (4.4s)
  ✓   86 [chromium] › e2e/group-includes.spec.ts:314:1 › recognised filters have one visual editor and nested group tags support removal and undo (4.9s)
  ✓   96 [chromium] › e2e/group-links.spec.ts:23:3 › Nodes group tags jump with pointer across their whole surface (4.0s)
  ✓   97 [chromium] › e2e/group-links.spec.ts:23:3 › Nodes group tags jump with keyboard across their whole surface (4.1s)
  ✓   98 [chromium] › e2e/group-links.spec.ts:41:5 › 1280px connections?id=1 outbound group tag focuses its Policies card (4.0s)
  ✓   99 [chromium] › e2e/group-links.spec.ts:41:5 › 1280px flows?tab=records&id=flow-1 outbound group tag focuses its Policies card (4.1s)
  ✓  104 [chromium] › e2e/nodes.spec.ts:37:1 › node cell content starts at its header text, including latency and action icons (1.0s)
  ✓  103 [chromium] › e2e/nodes.spec.ts:16:1 › nodes sort by name, latency and protocol, and filter by group and protocol (1.3s)
  ✓  101 [chromium] › e2e/group-links.spec.ts:41:5 › 390px flows?tab=records&id=flow-1 outbound group tag focuses its Policies card (4.1s)
  ✓  100 [chromium] › e2e/group-links.spec.ts:41:5 › 390px connections?id=1 outbound group tag focuses its Policies card (4.5s)
  ✓  108 [chromium] › e2e/nodes.spec.ts:149:1 › a subscription a group filters on cannot be removed until the group changes (1.1s)
  ✓  105 [chromium] › e2e/nodes.spec.ts:65:1 › a share link becomes an inline node and can be removed again (1.8s)
  ✓  109 [chromium] › e2e/nodes.spec.ts:175:1 › a new subscription is selected even when its first refresh fails (1.2s)
  ✓  110 [chromium] › e2e/nodes.spec.ts:195:1 › a new subscription is selected when the backend cannot refresh it (1.4s)
  ✓  102 [chromium] › e2e/group-links.spec.ts:55:1 › Policies nested group Tags jump between cards (4.4s)
  ✓  107 [chromium] › e2e/nodes.spec.ts:120:1 › a subscription is added, refreshed at once, and removed with its nodes (2.9s)
  ✓  106 [chromium] › e2e/nodes.spec.ts:91:1 › include declarations block removal even when the main source also declares them (3.1s)
  ✓  115 [chromium] › e2e/nodes.spec.ts:296:1 › node details list multiple probe kinds, and hide the list for a node with a single kind (1.1s)
  ✓  112 [chromium] › e2e/nodes.spec.ts:233:1 › a cold Nodes page finishes the first refresh after selecting a new subscription (2.5s)
  ✓  111 [chromium] › e2e/nodes.spec.ts:209:1 › a subscription is added with its refresh interval, User-Agent and cache setting (3.4s)
  ✓  114 [chromium] › e2e/nodes.spec.ts:290:1 › a node can be tested on its own (2.3s)
  ✓  117 [chromium] › e2e/nodes.spec.ts:377:1 › an unavailable latency fits its column in English at 1440 px (1.0s)
  ✓  113 [chromium] › e2e/nodes.spec.ts:274:1 › an untouched option is left to the backend and an unadvertised one is not shown (2.6s)
  ✓  116 [chromium] › e2e/nodes.spec.ts:365:1 › a UDP-only node is measured through the node, and the table shows its latency (2.3s)
  ✓  119 [chromium] › e2e/nodes.spec.ts:398:1 › a long unavailable node name wraps inside the latency card (974ms)
  ✓  118 [chromium] › e2e/nodes.spec.ts:391:1 › group tags fit their column at 1440 px, the rest behind a +N tag (1.7s)
  ✓  122 [chromium] › e2e/nodes.spec.ts:437:3 › long lists › a node list of thousands renders only the visible rows (1.0s)
  ✓  125 [chromium] › e2e/nodes.spec.ts:495:1 › built-in and unattributed provenance stay separate without granting inline deletion (1.2s)
  ✓  126 [chromium] › e2e/nodes.spec.ts:536:1 › an unspecified subscription interval claims neither manual-only nor an engine default but can be set (899ms)
  ✓  120 [chromium] › e2e/nodes.spec.ts:415:1 › a probe toast names its reason in words, never as a backend code (2.3s)
  ✓  121 [chromium] › e2e/nodes.spec.ts:428:1 › an unknown probe result gives its reason in words (2.3s)
  ✓  123 [chromium] › e2e/nodes.spec.ts:446:1 › node sources list their nodes and a subscription can be refreshed (2.4s)
  ✓  127 [chromium] › e2e/nodes.spec.ts:547:1 › without a node list the page shows providers alone, with no latency tab (976ms)
  ✓  130 [chromium] › e2e/nodes.spec.ts:613:1 › the note about node sources belongs to the list, not the latency tab (1.1s)
  ✓  128 [chromium] › e2e/nodes.spec.ts:555:1 › while a cancelled removal is still pending, no other node dialog can submit (1.3s)
  ✓  132 [chromium] › e2e/nodes.spec.ts:645:3 › in Traditional Chinese › a failed subscription refresh names its cause in the page language (961ms)
  ✓  129 [chromium] › e2e/nodes.spec.ts:583:1 › short tables fit their rows, the protocol column shows whole names, and a long address stays inside its table (1.8s)
  ✓  135 [chromium] › e2e/nodes.spec.ts:703:1 › a latency row opens its node in the list (1.2s)
  ✓  136 [chromium] › e2e/nodes.spec.ts:722:1 › adding a node to a group opens its staged editor on the policies page (1.4s)
  ✓  133 [chromium] › e2e/nodes.spec.ts:664:1 › a refresh whose nodes were applied to a degraded runtime reads as applied with a warning (2.3s)
  ✓  134 [chromium] › e2e/nodes.spec.ts:690:1 › the node list names its source, groups a node by a labelled menu, and refreshes every subscription (2.3s)
  ✓  137 [chromium] › e2e/nodes.spec.ts:744:3 › node group submenu supports keyboard entry, return and creation at 1440px (1.4s)
  ✓  138 [chromium] › e2e/nodes.spec.ts:744:3 › node group submenu supports keyboard entry, return and creation at 390px (1.2s)
  ✓  131 [chromium] › e2e/nodes.spec.ts:629:1 › the source kind badge shows its whole label in every language (4.0s)
  ✓  140 [chromium] › e2e/nodes.spec.ts:796:1 › a node search looks through every source and names the source of each result (1.2s)
  ✓  124 [chromium] › e2e/nodes.spec.ts:461:1 › a subscription refresh interval is written into the configuration (6.6s)
  ✓  139 [chromium] › e2e/nodes.spec.ts:769:1 › long group lists scroll inside the submenu and omit existing memberships (2.2s)
  ✓  141 [chromium] › e2e/nodes.spec.ts:815:1 › a node write conflict names its cause, and only a delete without groups reads as a change meanwhile (1.5s)
  ✓  145 [chromium] › e2e/nodes.spec.ts:915:1 › an engine that fetches subscriptions only directly offers no download route (1.2s)
  ✓  142 [chromium] › e2e/nodes.spec.ts:846:1 › a subscription's URL is edited where its entry is written (2.7s)
  ✓  148 [chromium] › e2e/nodes.spec.ts:976:1 › a subscription in a read-only source offers its source file instead of an edit (1.1s)
  ✓  143 [chromium] › e2e/nodes.spec.ts:861:1 › a subscription's User-Agent is set and removed where its entry is written (4.6s)
  ✓  144 [chromium] › e2e/nodes.spec.ts:888:1 › a subscription's download route is written into its entry and removed again (4.8s)
  ✓  147 [chromium] › e2e/nodes.spec.ts:951:1 › renaming a subscription carries the groups whose subtag filter names it (4.2s)
  ✓  146 [chromium] › e2e/nodes.spec.ts:928:1 › changing the interval of a block-form subscription keeps its User-Agent (4.2s)
  ✓  151 [chromium] › e2e/nodes.spec.ts:1020:1 › a group in another source naming the tag blocks a rename but not a URL edit (1.1s)
  ✓  149 [chromium] › e2e/nodes.spec.ts:991:1 › a subscription never fetched says so and refreshes from its row (3.4s)
  ✓  150 [chromium] › e2e/nodes.spec.ts:1005:1 › a subscription not fetched yet is edited through its name (3.5s)
  ✓  153 [chromium] › e2e/nodes.spec.ts:1064:1 › a subscription in a writable include is edited while the main source is read-only (1.1s)
  ✓  157 [chromium] › e2e/nodes.spec.ts:1139:1 › the add-subscription parameter is consumed when subscriptions cannot be managed (386ms)
  ✓  156 [chromium] › e2e/nodes.spec.ts:1124:1 › with no subscription and no node the page says so and offers Add subscription (1.0s)
  ✓  152 [chromium] › e2e/nodes.spec.ts:1043:1 › two subscriptions sharing a name offer their source file instead of an edit (2.2s)
  ✓  159 [chromium] › e2e/nodes.spec.ts:1172:1 › latency names wrap across the phone fact row (985ms)
  ✓  160 [chromium] › e2e/nodes.spec.ts:1194:1 › node source help is contextual (987ms)
  ✓  155 [chromium] › e2e/nodes.spec.ts:1108:1 › an edit refused because the entry left its file says so on the next save (2.4s)
  ✓  154 [chromium] › e2e/nodes.spec.ts:1084:1 › an edit refused because the file changed saves over the file as it is now, keeping what was typed (3.6s)
  ✓  164 [chromium] › e2e/phone-connections-filters.spec.ts:8:3 › 390px › the filter field and the filters menu share one row (974ms)
  ✓  162 [chromium] › e2e/nodes.spec.ts:1227:1 › missing latency names and the remaining count open probeable node rows (1.6s)
  ✓  158 [chromium] › e2e/nodes.spec.ts:1151:1 › the add-subscription address is consumed across history and reload (3.3s)
  ✓  163 [chromium] › e2e/nodes.spec.ts:1261:1 › the interval jump edits the declaring include while the main file is read-only (2.2s)
  ✓  167 [chromium] › e2e/phone-connections-filters.spec.ts:61:3 › 390px › the menu works from the keyboard (1.1s)
  ✓  165 [chromium] › e2e/phone-connections-filters.spec.ts:19:3 › 390px › a filter picked from the menu shows in its count and clears (1.5s)
  ✓  161 [chromium] › e2e/nodes.spec.ts:1201:1 › node editing writes in place and renames group references (3.5s)
  ✓  168 [chromium] › e2e/phone-connections-filters.spec.ts:75:3 › 390px › a filter that matches nothing keeps its query and a clear control (1.0s)
  ✓  166 [chromium] › e2e/phone-connections-filters.spec.ts:42:3 › 390px › a long device list in the filters menu has a filter field (2.0s)
  ✓  172 [chromium] › e2e/phone-connections.spec.ts:46:1 › the detail rule wraps on phones and truncates on desktop (483ms)
  ✓  169 [chromium] › e2e/phone-connections-filters.spec.ts:87:1 › a wide screen keeps every filter in the toolbar (981ms)
  ✓  170 [chromium] › e2e/phone-connections.spec.ts:9:3 › 320px › the filter field takes the toolbar row and ellipsises a value that does not fit (1.0s)
  ✓  171 [chromium] › e2e/phone-connections.spec.ts:35:3 › 1280px › the filter field keeps its 240px width on desktop (948ms)
  ✓  176 [chromium] › e2e/policies.spec.ts:79:1 › the page note does not promise pinning, which honk groups refuse (482ms)
  ✓  175 [chromium] › e2e/policies.spec.ts:65:1 › a group whose networks use different members marks each with its network (970ms)
  ✓  174 [chromium] › e2e/policies.spec.ts:51:1 › a group card mounted on screen shows its members in the first frame (1.2s)
  ✓  177 [chromium] › e2e/policies.spec.ts:87:3 › member latencies carry a tone dot in rose-pine/dawn (926ms)
  ✓  178 [chromium] › e2e/policies.spec.ts:87:3 › member latencies carry a tone dot in rose-pine/moon (998ms)
  ✓  182 [chromium] › e2e/policies.spec.ts:226:1 › a disabled Test all does not blame TCP support when the probe limits rule it out (1.1s)
  ✓  179 [chromium] › e2e/policies.spec.ts:125:1 › a group check URL is edited in its dialog, refused inline when unsafe (3.0s)
  ✓  173 [chromium] › e2e/policies.spec.ts:3:1 › policies select a member, pin one network, release and test the group (4.1s)
  ✓  181 [chromium] › e2e/policies.spec.ts:197:1 › a check save refused with 409 keeps the edit and shows what the group holds now (3.1s)
  ✓  183 [chromium] › e2e/policies.spec.ts:243:1 › a group is switched to the score policy in its edit dialog (3.5s)
  ✓  180 [chromium] › e2e/policies.spec.ts:163:1 › a check URL another client changed while the dialog was open is shown before it is replaced (4.4s)
  ✓  185 [chromium] › e2e/policies.spec.ts:329:1 › a final outbound does not offer the group or a group that nests it (3.0s)
  ✓  189 [chromium] › e2e/policies.spec.ts:463:1 › a long group name truncates with a tooltip and keeps the More menu on its title row (1.3s)
  ✓  186 [chromium] › e2e/policies.spec.ts:357:1 › the default member is offered only while the dialog selects manual selection, and a hidden one stays in the file (3.5s)
  ✓  190 [chromium] › e2e/policies.spec.ts:488:1 › automatic node grid keeps its inset and filter type roles (1.2s)
  ✓  191 [chromium] › e2e/policies.spec.ts:519:1 › a group remeasures across 12 and 13 members and viewport resizes (1.4s)
  ✓  187 [chromium] › e2e/policies.spec.ts:408:1 › a group edit refused over a file changed on disk saves on retry (4.6s)
  ✓  184 [chromium] › e2e/policies.spec.ts:265:1 › the edit dialog makes a node the final outbound and None clears it (6.5s)
  ✓  188 [chromium] › e2e/policies.spec.ts:435:1 › a group edit retried after a refusal writes against the declaration read again, not the one it opened on (5.0s)

  191 passed (1.2m)
