(node:4) Warning: The 'NO_COLOR' env is ignored due to the 'FORCE_COLOR' env being set.
(Use `node --trace-warnings ...` to show where the warning was created)
[2m$ pnpm typecheck && pnpm lint && pnpm check:i18n && pnpm format:check && pnpm test && pnpm check:gen[22m
(node:16) Warning: The 'NO_COLOR' env is ignored due to the 'FORCE_COLOR' env being set.
(Use `node --trace-warnings ...` to show where the warning was created)
[2m$ tsc --noEmit -p . && tsc --noEmit -p e2e[22m
(node:51) Warning: The 'NO_COLOR' env is ignored due to the 'FORCE_COLOR' env being set.
(Use `node --trace-warnings ...` to show where the warning was created)
[2m$ eslint . && stylelint "src/**/*.css"[22m
(node:63) Warning: The 'NO_COLOR' env is ignored due to the 'FORCE_COLOR' env being set.
(Use `node --trace-warnings ...` to show where the warning was created)
(node:62) Warning: The 'NO_COLOR' env is ignored due to the 'FORCE_COLOR' env being set.
(Use `node --trace-warnings ...` to show where the warning was created)
(node:94) Warning: The 'NO_COLOR' env is ignored due to the 'FORCE_COLOR' env being set.
(Use `node --trace-warnings ...` to show where the warning was created)
[2m$ node tools/check-i18n.mjs[22m
i18n: 0 untranslated literals, 0 unused keys
(node:112) Warning: The 'NO_COLOR' env is ignored due to the 'FORCE_COLOR' env being set.
(Use `node --trace-warnings ...` to show where the warning was created)
[2m$ prettier --check .[22m
(node:123) Warning: The 'NO_COLOR' env is ignored due to the 'FORCE_COLOR' env being set.
(Use `node --trace-warnings ...` to show where the warning was created)
Checking formatting...
All matched files use Prettier code style!
(node:139) Warning: The 'NO_COLOR' env is ignored due to the 'FORCE_COLOR' env being set.
(Use `node --trace-warnings ...` to show where the warning was created)
[2m$ vitest run[22m
(node:150) Warning: The 'NO_COLOR' env is ignored due to the 'FORCE_COLOR' env being set.
(Use `node --trace-warnings ...` to show where the warning was created)

 RUN  v5.0.2 /scratch/ssd/b10/dfix/s3b7

(node:179) Warning: The 'NO_COLOR' env is ignored due to the 'FORCE_COLOR' env being set.
(Use `node --trace-warnings ...` to show where the warning was created)
(node:217) Warning: The 'NO_COLOR' env is ignored due to the 'FORCE_COLOR' env being set.
(Use `node --trace-warnings ...` to show where the warning was created)
(node:181) Warning: The 'NO_COLOR' env is ignored due to the 'FORCE_COLOR' env being set.
(Use `node --trace-warnings ...` to show where the warning was created)
(node:245) Warning: The 'NO_COLOR' env is ignored due to the 'FORCE_COLOR' env being set.
(Use `node --trace-warnings ...` to show where the warning was created)
(node:188) Warning: The 'NO_COLOR' env is ignored due to the 'FORCE_COLOR' env being set.
(Use `node --trace-warnings ...` to show where the warning was created)
(node:194) Warning: The 'NO_COLOR' env is ignored due to the 'FORCE_COLOR' env being set.
(Use `node --trace-warnings ...` to show where the warning was created)
(node:205) Warning: The 'NO_COLOR' env is ignored due to the 'FORCE_COLOR' env being set.
(Use `node --trace-warnings ...` to show where the warning was created)
(node:308) Warning: The 'NO_COLOR' env is ignored due to the 'FORCE_COLOR' env being set.
(Use `node --trace-warnings ...` to show where the warning was created)
(node:303) Warning: The 'NO_COLOR' env is ignored due to the 'FORCE_COLOR' env being set.
(Use `node --trace-warnings ...` to show where the warning was created)
(node:206) Warning: The 'NO_COLOR' env is ignored due to the 'FORCE_COLOR' env being set.
(Use `node --trace-warnings ...` to show where the warning was created)
(node:219) Warning: The 'NO_COLOR' env is ignored due to the 'FORCE_COLOR' env being set.
(Use `node --trace-warnings ...` to show where the warning was created)
(node:239) Warning: The 'NO_COLOR' env is ignored due to the 'FORCE_COLOR' env being set.
(Use `node --trace-warnings ...` to show where the warning was created)
(node:220) Warning: The 'NO_COLOR' env is ignored due to the 'FORCE_COLOR' env being set.
(Use `node --trace-warnings ...` to show where the warning was created)
(node:285) Warning: The 'NO_COLOR' env is ignored due to the 'FORCE_COLOR' env being set.
(Use `node --trace-warnings ...` to show where the warning was created)
(node:180) Warning: The 'NO_COLOR' env is ignored due to the 'FORCE_COLOR' env being set.
(Use `node --trace-warnings ...` to show where the warning was created)
(node:187) Warning: The 'NO_COLOR' env is ignored due to the 'FORCE_COLOR' env being set.
(Use `node --trace-warnings ...` to show where the warning was created)
(node:260) Warning: The 'NO_COLOR' env is ignored due to the 'FORCE_COLOR' env being set.
(Use `node --trace-warnings ...` to show where the warning was created)
(node:252) Warning: The 'NO_COLOR' env is ignored due to the 'FORCE_COLOR' env being set.
(Use `node --trace-warnings ...` to show where the warning was created)
(node:336) Warning: The 'NO_COLOR' env is ignored due to the 'FORCE_COLOR' env being set.
(Use `node --trace-warnings ...` to show where the warning was created)
(node:270) Warning: The 'NO_COLOR' env is ignored due to the 'FORCE_COLOR' env being set.
(Use `node --trace-warnings ...` to show where the warning was created)
(node:290) Warning: The 'NO_COLOR' env is ignored due to the 'FORCE_COLOR' env being set.
(Use `node --trace-warnings ...` to show where the warning was created)
(node:310) Warning: The 'NO_COLOR' env is ignored due to the 'FORCE_COLOR' env being set.
(Use `node --trace-warnings ...` to show where the warning was created)
(node:353) Warning: The 'NO_COLOR' env is ignored due to the 'FORCE_COLOR' env being set.
(Use `node --trace-warnings ...` to show where the warning was created)
(node:356) Warning: The 'NO_COLOR' env is ignored due to the 'FORCE_COLOR' env being set.
(Use `node --trace-warnings ...` to show where the warning was created)
(node:261) Warning: The 'NO_COLOR' env is ignored due to the 'FORCE_COLOR' env being set.
(Use `node --trace-warnings ...` to show where the warning was created)
(node:363) Warning: The 'NO_COLOR' env is ignored due to the 'FORCE_COLOR' env being set.
(Use `node --trace-warnings ...` to show where the warning was created)
(node:334) Warning: The 'NO_COLOR' env is ignored due to the 'FORCE_COLOR' env being set.
(Use `node --trace-warnings ...` to show where the warning was created)
(node:322) Warning: The 'NO_COLOR' env is ignored due to the 'FORCE_COLOR' env being set.
(Use `node --trace-warnings ...` to show where the warning was created)
(node:264) Warning: The 'NO_COLOR' env is ignored due to the 'FORCE_COLOR' env being set.
(Use `node --trace-warnings ...` to show where the warning was created)
(node:278) Warning: The 'NO_COLOR' env is ignored due to the 'FORCE_COLOR' env being set.
(Use `node --trace-warnings ...` to show where the warning was created)
(node:347) Warning: The 'NO_COLOR' env is ignored due to the 'FORCE_COLOR' env being set.
(Use `node --trace-warnings ...` to show where the warning was created)
(node:419) Warning: The 'NO_COLOR' env is ignored due to the 'FORCE_COLOR' env being set.
(Use `node --trace-warnings ...` to show where the warning was created)
(node:426) Warning: The 'NO_COLOR' env is ignored due to the 'FORCE_COLOR' env being set.
(Use `node --trace-warnings ...` to show where the warning was created)
(node:432) Warning: The 'NO_COLOR' env is ignored due to the 'FORCE_COLOR' env being set.
(Use `node --trace-warnings ...` to show where the warning was created)
(node:438) Warning: The 'NO_COLOR' env is ignored due to the 'FORCE_COLOR' env being set.
(Use `node --trace-warnings ...` to show where the warning was created)
(node:451) Warning: The 'NO_COLOR' env is ignored due to the 'FORCE_COLOR' env being set.
(Use `node --trace-warnings ...` to show where the warning was created)
(node:459) Warning: The 'NO_COLOR' env is ignored due to the 'FORCE_COLOR' env being set.
(Use `node --trace-warnings ...` to show where the warning was created)
(node:472) Warning: The 'NO_COLOR' env is ignored due to the 'FORCE_COLOR' env being set.
(Use `node --trace-warnings ...` to show where the warning was created)
(node:460) Warning: The 'NO_COLOR' env is ignored due to the 'FORCE_COLOR' env being set.
(Use `node --trace-warnings ...` to show where the warning was created)
(node:479) Warning: The 'NO_COLOR' env is ignored due to the 'FORCE_COLOR' env being set.
(Use `node --trace-warnings ...` to show where the warning was created)
(node:481) Warning: The 'NO_COLOR' env is ignored due to the 'FORCE_COLOR' env being set.
(Use `node --trace-warnings ...` to show where the warning was created)
(node:501) Warning: The 'NO_COLOR' env is ignored due to the 'FORCE_COLOR' env being set.
(Use `node --trace-warnings ...` to show where the warning was created)
(node:516) Warning: The 'NO_COLOR' env is ignored due to the 'FORCE_COLOR' env being set.
(Use `node --trace-warnings ...` to show where the warning was created)
(node:181) ExperimentalWarning: localStorage is not available because --localstorage-file was not provided.
(node:180) ExperimentalWarning: localStorage is not available because --localstorage-file was not provided.
(node:529) Warning: The 'NO_COLOR' env is ignored due to the 'FORCE_COLOR' env being set.
(Use `node --trace-warnings ...` to show where the warning was created)
(node:347) ExperimentalWarning: localStorage is not available because --localstorage-file was not provided.
(node:206) ExperimentalWarning: localStorage is not available because --localstorage-file was not provided.
(node:547) Warning: The 'NO_COLOR' env is ignored due to the 'FORCE_COLOR' env being set.
(Use `node --trace-warnings ...` to show where the warning was created)
(node:541) Warning: The 'NO_COLOR' env is ignored due to the 'FORCE_COLOR' env being set.
(Use `node --trace-warnings ...` to show where the warning was created)
(node:278) ExperimentalWarning: localStorage is not available because --localstorage-file was not provided.
(node:261) ExperimentalWarning: localStorage is not available because --localstorage-file was not provided.
(node:205) ExperimentalWarning: localStorage is not available because --localstorage-file was not provided.
(node:239) ExperimentalWarning: localStorage is not available because --localstorage-file was not provided.
(node:336) ExperimentalWarning: localStorage is not available because --localstorage-file was not provided.
(node:571) Warning: The 'NO_COLOR' env is ignored due to the 'FORCE_COLOR' env being set.
(Use `node --trace-warnings ...` to show where the warning was created)
(node:219) ExperimentalWarning: localStorage is not available because --localstorage-file was not provided.
(node:582) Warning: The 'NO_COLOR' env is ignored due to the 'FORCE_COLOR' env being set.
(Use `node --trace-warnings ...` to show where the warning was created)
(node:310) ExperimentalWarning: localStorage is not available because --localstorage-file was not provided.
(node:322) ExperimentalWarning: localStorage is not available because --localstorage-file was not provided.
(node:593) Warning: The 'NO_COLOR' env is ignored due to the 'FORCE_COLOR' env being set.
(Use `node --trace-warnings ...` to show where the warning was created)
(node:600) Warning: The 'NO_COLOR' env is ignored due to the 'FORCE_COLOR' env being set.
(Use `node --trace-warnings ...` to show where the warning was created)
(node:610) Warning: The 'NO_COLOR' env is ignored due to the 'FORCE_COLOR' env being set.
(Use `node --trace-warnings ...` to show where the warning was created)
(node:621) Warning: The 'NO_COLOR' env is ignored due to the 'FORCE_COLOR' env being set.
(Use `node --trace-warnings ...` to show where the warning was created)
(node:188) ExperimentalWarning: localStorage is not available because --localstorage-file was not provided.
(node:628) Warning: The 'NO_COLOR' env is ignored due to the 'FORCE_COLOR' env being set.
(Use `node --trace-warnings ...` to show where the warning was created)
(node:636) Warning: The 'NO_COLOR' env is ignored due to the 'FORCE_COLOR' env being set.
(Use `node --trace-warnings ...` to show where the warning was created)
(node:646) Warning: The 'NO_COLOR' env is ignored due to the 'FORCE_COLOR' env being set.
(Use `node --trace-warnings ...` to show where the warning was created)
(node:460) ExperimentalWarning: localStorage is not available because --localstorage-file was not provided.
(node:648) Warning: The 'NO_COLOR' env is ignored due to the 'FORCE_COLOR' env being set.
(Use `node --trace-warnings ...` to show where the warning was created)
(node:363) ExperimentalWarning: localStorage is not available because --localstorage-file was not provided.
(node:661) Warning: The 'NO_COLOR' env is ignored due to the 'FORCE_COLOR' env being set.
(Use `node --trace-warnings ...` to show where the warning was created)
(node:669) Warning: The 'NO_COLOR' env is ignored due to the 'FORCE_COLOR' env being set.
(Use `node --trace-warnings ...` to show where the warning was created)
(node:667) Warning: The 'NO_COLOR' env is ignored due to the 'FORCE_COLOR' env being set.
(Use `node --trace-warnings ...` to show where the warning was created)
(node:501) ExperimentalWarning: localStorage is not available because --localstorage-file was not provided.
(node:682) Warning: The 'NO_COLOR' env is ignored due to the 'FORCE_COLOR' env being set.
(Use `node --trace-warnings ...` to show where the warning was created)
(node:688) Warning: The 'NO_COLOR' env is ignored due to the 'FORCE_COLOR' env being set.
(Use `node --trace-warnings ...` to show where the warning was created)
(node:571) ExperimentalWarning: localStorage is not available because --localstorage-file was not provided.
(node:695) Warning: The 'NO_COLOR' env is ignored due to the 'FORCE_COLOR' env being set.
(Use `node --trace-warnings ...` to show where the warning was created)
(node:707) Warning: The 'NO_COLOR' env is ignored due to the 'FORCE_COLOR' env being set.
(Use `node --trace-warnings ...` to show where the warning was created)
(node:713) Warning: The 'NO_COLOR' env is ignored due to the 'FORCE_COLOR' env being set.
(Use `node --trace-warnings ...` to show where the warning was created)
(node:725) Warning: The 'NO_COLOR' env is ignored due to the 'FORCE_COLOR' env being set.
(Use `node --trace-warnings ...` to show where the warning was created)
(node:732) Warning: The 'NO_COLOR' env is ignored due to the 'FORCE_COLOR' env being set.
(Use `node --trace-warnings ...` to show where the warning was created)
(node:739) Warning: The 'NO_COLOR' env is ignored due to the 'FORCE_COLOR' env being set.
(Use `node --trace-warnings ...` to show where the warning was created)
(node:738) Warning: The 'NO_COLOR' env is ignored due to the 'FORCE_COLOR' env being set.
(Use `node --trace-warnings ...` to show where the warning was created)
(node:746) Warning: The 'NO_COLOR' env is ignored due to the 'FORCE_COLOR' env being set.
(Use `node --trace-warnings ...` to show where the warning was created)
(node:752) Warning: The 'NO_COLOR' env is ignored due to the 'FORCE_COLOR' env being set.
(Use `node --trace-warnings ...` to show where the warning was created)
(node:593) ExperimentalWarning: localStorage is not available because --localstorage-file was not provided.
(node:753) Warning: The 'NO_COLOR' env is ignored due to the 'FORCE_COLOR' env being set.
(Use `node --trace-warnings ...` to show where the warning was created)
(node:774) Warning: The 'NO_COLOR' env is ignored due to the 'FORCE_COLOR' env being set.
(Use `node --trace-warnings ...` to show where the warning was created)
(node:780) Warning: The 'NO_COLOR' env is ignored due to the 'FORCE_COLOR' env being set.
(Use `node --trace-warnings ...` to show where the warning was created)
(node:794) Warning: The 'NO_COLOR' env is ignored due to the 'FORCE_COLOR' env being set.
(Use `node --trace-warnings ...` to show where the warning was created)
(node:788) Warning: The 'NO_COLOR' env is ignored due to the 'FORCE_COLOR' env being set.
(Use `node --trace-warnings ...` to show where the warning was created)
(node:800) Warning: The 'NO_COLOR' env is ignored due to the 'FORCE_COLOR' env being set.
(Use `node --trace-warnings ...` to show where the warning was created)
(node:803) Warning: The 'NO_COLOR' env is ignored due to the 'FORCE_COLOR' env being set.
(Use `node --trace-warnings ...` to show where the warning was created)
(node:628) ExperimentalWarning: localStorage is not available because --localstorage-file was not provided.
(node:816) Warning: The 'NO_COLOR' env is ignored due to the 'FORCE_COLOR' env being set.
(Use `node --trace-warnings ...` to show where the warning was created)
(node:823) Warning: The 'NO_COLOR' env is ignored due to the 'FORCE_COLOR' env being set.
(Use `node --trace-warnings ...` to show where the warning was created)
(node:829) Warning: The 'NO_COLOR' env is ignored due to the 'FORCE_COLOR' env being set.
(Use `node --trace-warnings ...` to show where the warning was created)
(node:837) Warning: The 'NO_COLOR' env is ignored due to the 'FORCE_COLOR' env being set.
(Use `node --trace-warnings ...` to show where the warning was created)
(node:843) Warning: The 'NO_COLOR' env is ignored due to the 'FORCE_COLOR' env being set.
(Use `node --trace-warnings ...` to show where the warning was created)
(node:667) ExperimentalWarning: localStorage is not available because --localstorage-file was not provided.
(node:858) Warning: The 'NO_COLOR' env is ignored due to the 'FORCE_COLOR' env being set.
(Use `node --trace-warnings ...` to show where the warning was created)
(node:851) Warning: The 'NO_COLOR' env is ignored due to the 'FORCE_COLOR' env being set.
(Use `node --trace-warnings ...` to show where the warning was created)
(node:869) Warning: The 'NO_COLOR' env is ignored due to the 'FORCE_COLOR' env being set.
(Use `node --trace-warnings ...` to show where the warning was created)
(node:857) Warning: The 'NO_COLOR' env is ignored due to the 'FORCE_COLOR' env being set.
(Use `node --trace-warnings ...` to show where the warning was created)
(node:879) Warning: The 'NO_COLOR' env is ignored due to the 'FORCE_COLOR' env being set.
(Use `node --trace-warnings ...` to show where the warning was created)
(node:880) Warning: The 'NO_COLOR' env is ignored due to the 'FORCE_COLOR' env being set.
(Use `node --trace-warnings ...` to show where the warning was created)
(node:886) Warning: The 'NO_COLOR' env is ignored due to the 'FORCE_COLOR' env being set.
(Use `node --trace-warnings ...` to show where the warning was created)
(node:898) Warning: The 'NO_COLOR' env is ignored due to the 'FORCE_COLOR' env being set.
(Use `node --trace-warnings ...` to show where the warning was created)
(node:907) Warning: The 'NO_COLOR' env is ignored due to the 'FORCE_COLOR' env being set.
(Use `node --trace-warnings ...` to show where the warning was created)
(node:913) Warning: The 'NO_COLOR' env is ignored due to the 'FORCE_COLOR' env being set.
(Use `node --trace-warnings ...` to show where the warning was created)
(node:928) Warning: The 'NO_COLOR' env is ignored due to the 'FORCE_COLOR' env being set.
(Use `node --trace-warnings ...` to show where the warning was created)
(node:934) Warning: The 'NO_COLOR' env is ignored due to the 'FORCE_COLOR' env being set.
(Use `node --trace-warnings ...` to show where the warning was created)
(node:937) Warning: The 'NO_COLOR' env is ignored due to the 'FORCE_COLOR' env being set.
(Use `node --trace-warnings ...` to show where the warning was created)
(node:948) Warning: The 'NO_COLOR' env is ignored due to the 'FORCE_COLOR' env being set.
(Use `node --trace-warnings ...` to show where the warning was created)
(node:957) Warning: The 'NO_COLOR' env is ignored due to the 'FORCE_COLOR' env being set.
(Use `node --trace-warnings ...` to show where the warning was created)
(node:963) Warning: The 'NO_COLOR' env is ignored due to the 'FORCE_COLOR' env being set.
(Use `node --trace-warnings ...` to show where the warning was created)
(node:971) Warning: The 'NO_COLOR' env is ignored due to the 'FORCE_COLOR' env being set.
(Use `node --trace-warnings ...` to show where the warning was created)
(node:978) Warning: The 'NO_COLOR' env is ignored due to the 'FORCE_COLOR' env being set.
(Use `node --trace-warnings ...` to show where the warning was created)
(node:979) Warning: The 'NO_COLOR' env is ignored due to the 'FORCE_COLOR' env being set.
(Use `node --trace-warnings ...` to show where the warning was created)
(node:991) Warning: The 'NO_COLOR' env is ignored due to the 'FORCE_COLOR' env being set.
(Use `node --trace-warnings ...` to show where the warning was created)
(node:998) Warning: The 'NO_COLOR' env is ignored due to the 'FORCE_COLOR' env being set.
(Use `node --trace-warnings ...` to show where the warning was created)
(node:829) ExperimentalWarning: localStorage is not available because --localstorage-file was not provided.
(node:1006) Warning: The 'NO_COLOR' env is ignored due to the 'FORCE_COLOR' env being set.
(Use `node --trace-warnings ...` to show where the warning was created)
(node:479) ExperimentalWarning: localStorage is not available because --localstorage-file was not provided.
(node:1013) Warning: The 'NO_COLOR' env is ignored due to the 'FORCE_COLOR' env being set.
(Use `node --trace-warnings ...` to show where the warning was created)
(node:1020) Warning: The 'NO_COLOR' env is ignored due to the 'FORCE_COLOR' env being set.
(Use `node --trace-warnings ...` to show where the warning was created)
(node:481) ExperimentalWarning: localStorage is not available because --localstorage-file was not provided.
(node:1019) Warning: The 'NO_COLOR' env is ignored due to the 'FORCE_COLOR' env being set.
(Use `node --trace-warnings ...` to show where the warning was created)
(node:1022) Warning: The 'NO_COLOR' env is ignored due to the 'FORCE_COLOR' env being set.
(Use `node --trace-warnings ...` to show where the warning was created)
(node:1037) Warning: The 'NO_COLOR' env is ignored due to the 'FORCE_COLOR' env being set.
(Use `node --trace-warnings ...` to show where the warning was created)
(node:1055) Warning: The 'NO_COLOR' env is ignored due to the 'FORCE_COLOR' env being set.
(Use `node --trace-warnings ...` to show where the warning was created)
(node:858) ExperimentalWarning: localStorage is not available because --localstorage-file was not provided.
(node:1073) Warning: The 'NO_COLOR' env is ignored due to the 'FORCE_COLOR' env being set.
(Use `node --trace-warnings ...` to show where the warning was created)
(node:1063) Warning: The 'NO_COLOR' env is ignored due to the 'FORCE_COLOR' env being set.
(Use `node --trace-warnings ...` to show where the warning was created)
(node:194) ExperimentalWarning: localStorage is not available because --localstorage-file was not provided.
(node:1087) Warning: The 'NO_COLOR' env is ignored due to the 'FORCE_COLOR' env being set.
(Use `node --trace-warnings ...` to show where the warning was created)
(node:1096) Warning: The 'NO_COLOR' env is ignored due to the 'FORCE_COLOR' env being set.
(Use `node --trace-warnings ...` to show where the warning was created)
(node:1079) Warning: The 'NO_COLOR' env is ignored due to the 'FORCE_COLOR' env being set.
(Use `node --trace-warnings ...` to show where the warning was created)
(node:1088) Warning: The 'NO_COLOR' env is ignored due to the 'FORCE_COLOR' env being set.
(Use `node --trace-warnings ...` to show where the warning was created)
(node:1107) Warning: The 'NO_COLOR' env is ignored due to the 'FORCE_COLOR' env being set.
(Use `node --trace-warnings ...` to show where the warning was created)
(node:1115) Warning: The 'NO_COLOR' env is ignored due to the 'FORCE_COLOR' env being set.
(Use `node --trace-warnings ...` to show where the warning was created)
(node:1127) Warning: The 'NO_COLOR' env is ignored due to the 'FORCE_COLOR' env being set.
(Use `node --trace-warnings ...` to show where the warning was created)
(node:886) ExperimentalWarning: localStorage is not available because --localstorage-file was not provided.
(node:1134) Warning: The 'NO_COLOR' env is ignored due to the 'FORCE_COLOR' env being set.
(Use `node --trace-warnings ...` to show where the warning was created)
(node:1140) Warning: The 'NO_COLOR' env is ignored due to the 'FORCE_COLOR' env being set.
(Use `node --trace-warnings ...` to show where the warning was created)
(node:1142) Warning: The 'NO_COLOR' env is ignored due to the 'FORCE_COLOR' env being set.
(Use `node --trace-warnings ...` to show where the warning was created)
(node:1155) Warning: The 'NO_COLOR' env is ignored due to the 'FORCE_COLOR' env being set.
(Use `node --trace-warnings ...` to show where the warning was created)
(node:934) ExperimentalWarning: localStorage is not available because --localstorage-file was not provided.
(node:1162) Warning: The 'NO_COLOR' env is ignored due to the 'FORCE_COLOR' env being set.
(Use `node --trace-warnings ...` to show where the warning was created)
(node:1156) Warning: The 'NO_COLOR' env is ignored due to the 'FORCE_COLOR' env being set.
(Use `node --trace-warnings ...` to show where the warning was created)
(node:1168) Warning: The 'NO_COLOR' env is ignored due to the 'FORCE_COLOR' env being set.
(Use `node --trace-warnings ...` to show where the warning was created)
(node:1183) Warning: The 'NO_COLOR' env is ignored due to the 'FORCE_COLOR' env being set.
(Use `node --trace-warnings ...` to show where the warning was created)
(node:1184) Warning: The 'NO_COLOR' env is ignored due to the 'FORCE_COLOR' env being set.
(Use `node --trace-warnings ...` to show where the warning was created)
(node:1199) Warning: The 'NO_COLOR' env is ignored due to the 'FORCE_COLOR' env being set.
(Use `node --trace-warnings ...` to show where the warning was created)
(node:1201) Warning: The 'NO_COLOR' env is ignored due to the 'FORCE_COLOR' env being set.
(Use `node --trace-warnings ...` to show where the warning was created)
(node:1215) Warning: The 'NO_COLOR' env is ignored due to the 'FORCE_COLOR' env being set.
(Use `node --trace-warnings ...` to show where the warning was created)
(node:1226) Warning: The 'NO_COLOR' env is ignored due to the 'FORCE_COLOR' env being set.
(Use `node --trace-warnings ...` to show where the warning was created)
(node:1221) Warning: The 'NO_COLOR' env is ignored due to the 'FORCE_COLOR' env being set.
(Use `node --trace-warnings ...` to show where the warning was created)
(node:1229) Warning: The 'NO_COLOR' env is ignored due to the 'FORCE_COLOR' env being set.
(Use `node --trace-warnings ...` to show where the warning was created)
(node:1241) Warning: The 'NO_COLOR' env is ignored due to the 'FORCE_COLOR' env being set.
(Use `node --trace-warnings ...` to show where the warning was created)
(node:1249) Warning: The 'NO_COLOR' env is ignored due to the 'FORCE_COLOR' env being set.
(Use `node --trace-warnings ...` to show where the warning was created)
(node:1256) Warning: The 'NO_COLOR' env is ignored due to the 'FORCE_COLOR' env being set.
(Use `node --trace-warnings ...` to show where the warning was created)
(node:1264) Warning: The 'NO_COLOR' env is ignored due to the 'FORCE_COLOR' env being set.
(Use `node --trace-warnings ...` to show where the warning was created)
(node:1168) ExperimentalWarning: localStorage is not available because --localstorage-file was not provided.
(node:1013) ExperimentalWarning: localStorage is not available because --localstorage-file was not provided.
(node:1265) Warning: The 'NO_COLOR' env is ignored due to the 'FORCE_COLOR' env being set.
(Use `node --trace-warnings ...` to show where the warning was created)
(node:1037) ExperimentalWarning: localStorage is not available because --localstorage-file was not provided.
(node:1271) Warning: The 'NO_COLOR' env is ignored due to the 'FORCE_COLOR' env being set.
(Use `node --trace-warnings ...` to show where the warning was created)
(node:1284) Warning: The 'NO_COLOR' env is ignored due to the 'FORCE_COLOR' env being set.
(Use `node --trace-warnings ...` to show where the warning was created)
(node:1291) Warning: The 'NO_COLOR' env is ignored due to the 'FORCE_COLOR' env being set.
(Use `node --trace-warnings ...` to show where the warning was created)
(node:1298) Warning: The 'NO_COLOR' env is ignored due to the 'FORCE_COLOR' env being set.
(Use `node --trace-warnings ...` to show where the warning was created)
(node:1305) Warning: The 'NO_COLOR' env is ignored due to the 'FORCE_COLOR' env being set.
(Use `node --trace-warnings ...` to show where the warning was created)
(node:1006) ExperimentalWarning: localStorage is not available because --localstorage-file was not provided.
(node:1311) Warning: The 'NO_COLOR' env is ignored due to the 'FORCE_COLOR' env being set.
(Use `node --trace-warnings ...` to show where the warning was created)
(node:1313) Warning: The 'NO_COLOR' env is ignored due to the 'FORCE_COLOR' env being set.
(Use `node --trace-warnings ...` to show where the warning was created)
(node:1325) Warning: The 'NO_COLOR' env is ignored due to the 'FORCE_COLOR' env being set.
(Use `node --trace-warnings ...` to show where the warning was created)
(node:1339) Warning: The 'NO_COLOR' env is ignored due to the 'FORCE_COLOR' env being set.
(Use `node --trace-warnings ...` to show where the warning was created)
(node:1326) Warning: The 'NO_COLOR' env is ignored due to the 'FORCE_COLOR' env being set.
(Use `node --trace-warnings ...` to show where the warning was created)
(node:1346) Warning: The 'NO_COLOR' env is ignored due to the 'FORCE_COLOR' env being set.
(Use `node --trace-warnings ...` to show where the warning was created)
(node:1354) Warning: The 'NO_COLOR' env is ignored due to the 'FORCE_COLOR' env being set.
(Use `node --trace-warnings ...` to show where the warning was created)
(node:1355) Warning: The 'NO_COLOR' env is ignored due to the 'FORCE_COLOR' env being set.
(Use `node --trace-warnings ...` to show where the warning was created)
(node:1368) Warning: The 'NO_COLOR' env is ignored due to the 'FORCE_COLOR' env being set.
(Use `node --trace-warnings ...` to show where the warning was created)
(node:1376) Warning: The 'NO_COLOR' env is ignored due to the 'FORCE_COLOR' env being set.
(Use `node --trace-warnings ...` to show where the warning was created)
(node:1377) Warning: The 'NO_COLOR' env is ignored due to the 'FORCE_COLOR' env being set.
(Use `node --trace-warnings ...` to show where the warning was created)
(node:1389) Warning: The 'NO_COLOR' env is ignored due to the 'FORCE_COLOR' env being set.
(Use `node --trace-warnings ...` to show where the warning was created)
(node:1390) Warning: The 'NO_COLOR' env is ignored due to the 'FORCE_COLOR' env being set.
(Use `node --trace-warnings ...` to show where the warning was created)
(node:1405) Warning: The 'NO_COLOR' env is ignored due to the 'FORCE_COLOR' env being set.
(Use `node --trace-warnings ...` to show where the warning was created)
(node:1402) Warning: The 'NO_COLOR' env is ignored due to the 'FORCE_COLOR' env being set.
(Use `node --trace-warnings ...` to show where the warning was created)
(node:1416) Warning: The 'NO_COLOR' env is ignored due to the 'FORCE_COLOR' env being set.
(Use `node --trace-warnings ...` to show where the warning was created)
(node:1424) Warning: The 'NO_COLOR' env is ignored due to the 'FORCE_COLOR' env being set.
(Use `node --trace-warnings ...` to show where the warning was created)
(node:1432) Warning: The 'NO_COLOR' env is ignored due to the 'FORCE_COLOR' env being set.
(Use `node --trace-warnings ...` to show where the warning was created)
(node:1439) Warning: The 'NO_COLOR' env is ignored due to the 'FORCE_COLOR' env being set.
(Use `node --trace-warnings ...` to show where the warning was created)
(node:1446) Warning: The 'NO_COLOR' env is ignored due to the 'FORCE_COLOR' env being set.
(Use `node --trace-warnings ...` to show where the warning was created)
(node:1454) Warning: The 'NO_COLOR' env is ignored due to the 'FORCE_COLOR' env being set.
(Use `node --trace-warnings ...` to show where the warning was created)
(node:1453) Warning: The 'NO_COLOR' env is ignored due to the 'FORCE_COLOR' env being set.
(Use `node --trace-warnings ...` to show where the warning was created)
(node:1466) Warning: The 'NO_COLOR' env is ignored due to the 'FORCE_COLOR' env being set.
(Use `node --trace-warnings ...` to show where the warning was created)
(node:1469) Warning: The 'NO_COLOR' env is ignored due to the 'FORCE_COLOR' env being set.
(Use `node --trace-warnings ...` to show where the warning was created)
(node:1482) Warning: The 'NO_COLOR' env is ignored due to the 'FORCE_COLOR' env being set.
(Use `node --trace-warnings ...` to show where the warning was created)
(node:1488) Warning: The 'NO_COLOR' env is ignored due to the 'FORCE_COLOR' env being set.
(Use `node --trace-warnings ...` to show where the warning was created)
(node:1496) Warning: The 'NO_COLOR' env is ignored due to the 'FORCE_COLOR' env being set.
(Use `node --trace-warnings ...` to show where the warning was created)
(node:1497) Warning: The 'NO_COLOR' env is ignored due to the 'FORCE_COLOR' env being set.
(Use `node --trace-warnings ...` to show where the warning was created)
(node:1510) Warning: The 'NO_COLOR' env is ignored due to the 'FORCE_COLOR' env being set.
(Use `node --trace-warnings ...` to show where the warning was created)
(node:1511) Warning: The 'NO_COLOR' env is ignored due to the 'FORCE_COLOR' env being set.
(Use `node --trace-warnings ...` to show where the warning was created)
(node:1522) Warning: The 'NO_COLOR' env is ignored due to the 'FORCE_COLOR' env being set.
(Use `node --trace-warnings ...` to show where the warning was created)
(node:1291) ExperimentalWarning: localStorage is not available because --localstorage-file was not provided.
(node:1534) Warning: The 'NO_COLOR' env is ignored due to the 'FORCE_COLOR' env being set.
(Use `node --trace-warnings ...` to show where the warning was created)
(node:1536) Warning: The 'NO_COLOR' env is ignored due to the 'FORCE_COLOR' env being set.
(Use `node --trace-warnings ...` to show where the warning was created)
(node:1542) Warning: The 'NO_COLOR' env is ignored due to the 'FORCE_COLOR' env being set.
(Use `node --trace-warnings ...` to show where the warning was created)
(node:998) ExperimentalWarning: localStorage is not available because --localstorage-file was not provided.
(node:1560) Warning: The 'NO_COLOR' env is ignored due to the 'FORCE_COLOR' env being set.
(Use `node --trace-warnings ...` to show where the warning was created)
(node:1567) Warning: The 'NO_COLOR' env is ignored due to the 'FORCE_COLOR' env being set.
(Use `node --trace-warnings ...` to show where the warning was created)
(node:1305) ExperimentalWarning: localStorage is not available because --localstorage-file was not provided.
(node:1575) Warning: The 'NO_COLOR' env is ignored due to the 'FORCE_COLOR' env being set.
(Use `node --trace-warnings ...` to show where the warning was created)
(node:1590) Warning: The 'NO_COLOR' env is ignored due to the 'FORCE_COLOR' env being set.
(Use `node --trace-warnings ...` to show where the warning was created)
(node:1592) Warning: The 'NO_COLOR' env is ignored due to the 'FORCE_COLOR' env being set.
(Use `node --trace-warnings ...` to show where the warning was created)
(node:1405) ExperimentalWarning: localStorage is not available because --localstorage-file was not provided.
(node:1568) Warning: The 'NO_COLOR' env is ignored due to the 'FORCE_COLOR' env being set.
(Use `node --trace-warnings ...` to show where the warning was created)
(node:1606) Warning: The 'NO_COLOR' env is ignored due to the 'FORCE_COLOR' env being set.
(Use `node --trace-warnings ...` to show where the warning was created)
(node:1612) Warning: The 'NO_COLOR' env is ignored due to the 'FORCE_COLOR' env being set.
(Use `node --trace-warnings ...` to show where the warning was created)
(node:1619) Warning: The 'NO_COLOR' env is ignored due to the 'FORCE_COLOR' env being set.
(Use `node --trace-warnings ...` to show where the warning was created)
(node:1627) Warning: The 'NO_COLOR' env is ignored due to the 'FORCE_COLOR' env being set.
(Use `node --trace-warnings ...` to show where the warning was created)
(node:1633) Warning: The 'NO_COLOR' env is ignored due to the 'FORCE_COLOR' env being set.
(Use `node --trace-warnings ...` to show where the warning was created)
(node:1645) Warning: The 'NO_COLOR' env is ignored due to the 'FORCE_COLOR' env being set.
(Use `node --trace-warnings ...` to show where the warning was created)
(node:1651) Warning: The 'NO_COLOR' env is ignored due to the 'FORCE_COLOR' env being set.
(Use `node --trace-warnings ...` to show where the warning was created)
(node:1653) Warning: The 'NO_COLOR' env is ignored due to the 'FORCE_COLOR' env being set.
(Use `node --trace-warnings ...` to show where the warning was created)
(node:1665) Warning: The 'NO_COLOR' env is ignored due to the 'FORCE_COLOR' env being set.
(Use `node --trace-warnings ...` to show where the warning was created)
(node:1673) Warning: The 'NO_COLOR' env is ignored due to the 'FORCE_COLOR' env being set.
(Use `node --trace-warnings ...` to show where the warning was created)
(node:1674) Warning: The 'NO_COLOR' env is ignored due to the 'FORCE_COLOR' env being set.
(Use `node --trace-warnings ...` to show where the warning was created)
(node:1536) ExperimentalWarning: localStorage is not available because --localstorage-file was not provided.
(node:1368) ExperimentalWarning: localStorage is not available because --localstorage-file was not provided.
(node:541) ExperimentalWarning: localStorage is not available because --localstorage-file was not provided.

 Test Files  195 passed (195)
      Tests  2562 passed (2562)
   Start at  00:56:23
   Duration  13.16s (transform 50%, tests 27%, import 18%, setup 4%, worker 1%)

  Transform  transforming modules took 68.80s · 50% of tracked time, re-done on every run
             persist transforms across runs with fsModuleCache: true
             learn more: https://vitest.dev/guide/improving-performance#caching-between-reruns

(node:15) Warning: The 'NO_COLOR' env is ignored due to the 'FORCE_COLOR' env being set.
(Use `node --trace-warnings ...` to show where the warning was created)
[2m$ tools/check-gen.sh[22m
(node:1703) Warning: The 'NO_COLOR' env is ignored due to the 'FORCE_COLOR' env being set.
(Use `node --trace-warnings ...` to show where the warning was created)
[2m$ openapi-typescript contract/api-standardize/openapi.yaml -o "${OPENAPI_OUTPUT:-src/api/types.ts}"[22m
(node:1714) Warning: The 'NO_COLOR' env is ignored due to the 'FORCE_COLOR' env being set.
(Use `node --trace-warnings ...` to show where the warning was created)
✨ [1mopenapi-typescript 7.13.0[22m
🚀 [32mcontract/api-standardize/openapi.yaml → [1m/tmp/tmp.LvE26W9mDo[22m[39m [2m[115.1ms][22m
(node:1732) Warning: The 'NO_COLOR' env is ignored due to the 'FORCE_COLOR' env being set.
(Use `node --trace-warnings ...` to show where the warning was created)
[2m$ vite build[22m
(node:1743) Warning: The 'NO_COLOR' env is ignored due to the 'FORCE_COLOR' env being set.
(Use `node --trace-warnings ...` to show where the warning was created)
vite v6.4.3 building for production...
transforming...
✓ 1237 modules transformed.
rendering chunks...
[plugin vite:reporter] 
(!) /scratch/ssd/b10/dfix/s3b7/src/shell/widgets/WidgetContent.tsx is dynamically imported by /scratch/ssd/b10/dfix/s3b7/src/shell/widgets/Dashboard.tsx but also statically imported by /scratch/ssd/b10/dfix/s3b7/src/shell/widgets/Editors.tsx, /scratch/ssd/b10/dfix/s3b7/src/shell/widgets/ModuleControls.tsx, /scratch/ssd/b10/dfix/s3b7/src/shell/widgets/Widgets.tsx, dynamic import will not move module into another chunk.

computing gzip size...
dist/index.html                                     4.22 kB │ gzip:   1.87 kB
dist/sw.js                                          6.56 kB
dist/assets/logo-obi05X1B.svg                       7.04 kB │ gzip:   3.53 kB
dist/assets/square-light-OU6dsCf9.webp             14.64 kB
dist/assets/square-dark-CG0rwsS1.webp              15.30 kB
dist/assets/gorges-light-DCWkLX37.webp             16.90 kB
dist/assets/gorges-dark-FlgXSNn1.webp              17.05 kB
dist/assets/lake-light-oWll36-V.webp               17.97 kB
dist/assets/lake-dark-B_VaUlAe.webp                18.11 kB
dist/assets/wall-light-BYfte2Bi.webp               23.08 kB
dist/assets/wall-dark-DCO0xUUO.webp                23.08 kB
dist/.vite/manifest.json                           23.63 kB │ gzip:   3.09 kB
dist/assets/taishan-light-Dip0HmJZ.webp            25.33 kB
dist/assets/taishan-dark-BI3cd4fj.webp             25.37 kB
dist/assets/duck-night-CbKHyiul.webp               38.21 kB
dist/assets/TwemojiCountryFlags-Bymva2JV.woff2     78.29 kB
dist/assets/Editors-DC5s14nB.css                    1.58 kB │ gzip:   0.60 kB
dist/assets/Flows-rQvB0AaU.css                      2.79 kB │ gzip:   0.95 kB
dist/assets/activity-CP9TsAVx.css                  17.31 kB │ gzip:   3.65 kB
dist/assets/fonts-sc-DWPGxLPK.css                 103.84 kB │ gzip:  30.76 kB
dist/assets/fonts-tc-B6Zt5HQN.css                 111.00 kB │ gzip:  33.07 kB
dist/assets/index-DQBSZp-G.css                    123.78 kB │ gzip:  24.26 kB
dist/assets/recorder-DlDpPhd4.js                    0.11 kB │ gzip:   0.12 kB
dist/assets/_commonjsHelpers-CqkleIqs.js            0.12 kB │ gzip:   0.13 kB
dist/assets/nav-Wiib71Wo.js                         0.12 kB │ gzip:   0.11 kB
dist/assets/nav-KhNRLIai.js                         0.19 kB │ gzip:   0.17 kB
dist/assets/nav-BSwJcCsw.js                         0.20 kB │ gzip:   0.17 kB
dist/assets/OutboundTag-CE5kfGU_.js                 0.20 kB │ gzip:   0.18 kB
dist/assets/TimeCell-DF-W81S0.js                    0.26 kB │ gzip:   0.22 kB
dist/assets/DaeCode-D7ti9hHq.js                     0.31 kB │ gzip:   0.24 kB
dist/assets/nav-DA3V7T7O.js                         0.32 kB │ gzip:   0.19 kB
dist/assets/nav-DtRXegec.js                         0.36 kB │ gzip:   0.22 kB
dist/assets/nav-CR1r1SQS.js                         0.38 kB │ gzip:   0.20 kB
dist/assets/outbounds-v2lVaZmQ.js                   0.41 kB │ gzip:   0.28 kB
dist/assets/files-BxEOxSF8.js                       0.46 kB │ gzip:   0.33 kB
dist/assets/probe-DHwK7cRj.js                       0.52 kB │ gzip:   0.32 kB
dist/assets/AddCircle-l-xPbHQw.js                   0.54 kB │ gzip:   0.36 kB
dist/assets/nav-DSDR2r30.js                         0.93 kB │ gzip:   0.42 kB
dist/assets/Coverage-CmC4eOLi.js                    1.03 kB │ gzip:   0.58 kB
dist/assets/FlagPicker-BNUDU2yl.js                  1.12 kB │ gzip:   0.64 kB
dist/assets/SearchList-yeqm6fI5.js                  1.15 kB │ gzip:   0.62 kB
dist/assets/labels-Bgu_ZhL8.js                      1.23 kB │ gzip:   0.53 kB
dist/assets/auth-Cmsiht1M.js                        1.26 kB │ gzip:   0.72 kB
dist/assets/geodata-De9_qBkH.js                     1.30 kB │ gzip:   0.68 kB
dist/assets/daeTokens-DjAiIJfh.js                   1.41 kB │ gzip:   0.72 kB
dist/assets/SearchSelect-BsycOmcI.js                1.45 kB │ gzip:   0.72 kB
dist/assets/flows-CVdIYsN0.js                       1.57 kB │ gzip:   0.84 kB
dist/assets/auth-D49162xS.js                        1.58 kB │ gzip:   0.78 kB
dist/assets/ConditionRow-D8Zo7ysi.js                1.82 kB │ gzip:   0.97 kB
dist/assets/Sparkline-Btm2WJQJ.js                   2.25 kB │ gzip:   1.23 kB
dist/assets/index-pSz78PDA.js                       2.31 kB │ gzip:   1.19 kB
dist/assets/array-C0P64tl-.js                       2.36 kB │ gzip:   1.03 kB
dist/assets/Tag-CJjJ81kA.js                         3.27 kB │ gzip:   1.48 kB
dist/assets/Events-CN5TEuPM.js                      4.29 kB │ gzip:   1.99 kB
dist/assets/connections-CyOOFzG0.js                 5.06 kB │ gzip:   2.18 kB
dist/assets/AreaCurve-LMAIFtVT.js                   5.12 kB │ gzip:   1.77 kB
dist/assets/AreaChart-IH4DYKxh.js                   5.26 kB │ gzip:   2.61 kB
dist/assets/SearchDialog-CsqzFoFx.js                6.30 kB │ gzip:   2.54 kB
dist/assets/Donut-WZGhWRH1.js                       6.32 kB │ gzip:   2.77 kB
dist/assets/Logs-DY_B-vvi.js                        7.72 kB │ gzip:   3.31 kB
dist/assets/useGridSelectionCheckbox-CC7kk7uk.js    7.81 kB │ gzip:   2.98 kB
dist/assets/useQuickRule-DLltX6Pa.js                7.90 kB │ gzip:   3.21 kB
dist/assets/Login-CuJOtVGi.js                       8.31 kB │ gzip:   3.42 kB
dist/assets/LoginShowcase-D72iy7yR.js              13.20 kB │ gzip:   6.27 kB
dist/assets/GridList-D0SyQum-.js                   14.51 kB │ gzip:   5.06 kB
dist/assets/Overview-BdUJGpS1.js                   14.97 kB │ gzip:   5.35 kB
dist/assets/logs-W_KUZciY.js                       18.71 kB │ gzip:   7.22 kB
dist/assets/Flows-BMbNBgsC.js                      22.70 kB │ gzip:   8.48 kB
dist/assets/Connections-BLKjR48t.js                24.85 kB │ gzip:   9.42 kB
dist/assets/Dns-cXV2pUDB.js                        28.26 kB │ gzip:  10.11 kB
dist/assets/Virtualizer-DAZ6fGZb.js                31.64 kB │ gzip:   9.19 kB
dist/assets/Nodes-3w-bFybo.js                      33.13 kB │ gzip:  11.49 kB
dist/assets/Settings-BDeSdK6x.js                   39.24 kB │ gzip:  12.64 kB
dist/assets/Config-BTmXzdNw.js                     44.62 kB │ gzip:  15.83 kB
dist/assets/Policies-CaTLPTrz.js                   55.82 kB │ gzip:  19.92 kB
dist/assets/Rules-tVc6ETZk.js                      57.21 kB │ gzip:  19.77 kB
dist/assets/Editors-xEEAp5nT.js                    63.06 kB │ gzip:  18.75 kB
dist/assets/Table-CX1qHIbi.js                      81.97 kB │ gzip:  24.77 kB
dist/assets/index-CPKizkJh.js                      98.28 kB │ gzip:  33.35 kB
dist/assets/locale-zh-CN-C6iyo3hi.js               99.96 kB │ gzip:  33.15 kB
dist/assets/locale-zh-TW-C6AZLlIs.js              100.55 kB │ gzip:  33.19 kB
dist/assets/locale-en-CrsRkaCl.js                 106.87 kB │ gzip:  31.37 kB
dist/assets/activity-DYo_-4nq.js                  129.99 kB │ gzip:  44.90 kB
dist/assets/vendor-react-fNq0jQLY.js              224.73 kB │ gzip:  69.89 kB
dist/assets/vendor-editor-C2hlfhq5.js             384.15 kB │ gzip: 124.69 kB
dist/assets/index-DtOX4g09.js                     481.66 kB │ gzip: 161.10 kB
✓ built in 2.86s
(node:3) Warning: The 'NO_COLOR' env is ignored due to the 'FORCE_COLOR' env being set.
(Use `node --trace-warnings ...` to show where the warning was created)
[2m$ node tools/check-size.mjs[22m
  assets/AddCircle-l-xPbHQw.js: 356 bytes gzip
  assets/AreaChart-IH4DYKxh.js: 2611 bytes gzip
  assets/AreaCurve-LMAIFtVT.js: 1772 bytes gzip
  assets/ConditionRow-D8Zo7ysi.js: 965 bytes gzip
  assets/Config-BTmXzdNw.js: 15831 bytes gzip
  assets/Connections-BLKjR48t.js: 9419 bytes gzip
  assets/Coverage-CmC4eOLi.js: 577 bytes gzip
  assets/DaeCode-D7ti9hHq.js: 238 bytes gzip
  assets/Dns-cXV2pUDB.js: 10114 bytes gzip
  assets/Donut-WZGhWRH1.js: 2765 bytes gzip
  assets/Editors-xEEAp5nT.js: 18750 bytes gzip
  assets/Events-CN5TEuPM.js: 1987 bytes gzip
  assets/FlagPicker-BNUDU2yl.js: 637 bytes gzip
  assets/Flows-BMbNBgsC.js: 8478 bytes gzip
  assets/GridList-D0SyQum-.js: 5063 bytes gzip
  assets/Login-CuJOtVGi.js: 3416 bytes gzip
  assets/LoginShowcase-D72iy7yR.js: 6273 bytes gzip
  assets/Logs-DY_B-vvi.js: 3305 bytes gzip
  assets/Nodes-3w-bFybo.js: 11487 bytes gzip
  assets/OutboundTag-CE5kfGU_.js: 179 bytes gzip
  assets/Overview-BdUJGpS1.js: 5349 bytes gzip
  assets/Policies-CaTLPTrz.js: 19918 bytes gzip
  assets/Rules-tVc6ETZk.js: 19769 bytes gzip
  assets/SearchDialog-CsqzFoFx.js: 2535 bytes gzip
  assets/SearchList-yeqm6fI5.js: 620 bytes gzip
  assets/SearchSelect-BsycOmcI.js: 717 bytes gzip
  assets/Settings-BDeSdK6x.js: 12640 bytes gzip
  assets/Sparkline-Btm2WJQJ.js: 1229 bytes gzip
  assets/Table-CX1qHIbi.js: 24767 bytes gzip
  assets/Tag-CJjJ81kA.js: 1478 bytes gzip
  assets/TimeCell-DF-W81S0.js: 217 bytes gzip
  assets/Virtualizer-DAZ6fGZb.js: 9194 bytes gzip
  assets/_commonjsHelpers-CqkleIqs.js: 126 bytes gzip
  assets/activity-DYo_-4nq.js: 44898 bytes gzip
  assets/array-C0P64tl-.js: 1029 bytes gzip
  assets/auth-Cmsiht1M.js: 719 bytes gzip
  assets/auth-D49162xS.js: 780 bytes gzip
  assets/connections-CyOOFzG0.js: 2183 bytes gzip
  assets/daeTokens-DjAiIJfh.js: 720 bytes gzip
  assets/files-BxEOxSF8.js: 333 bytes gzip
  assets/flows-CVdIYsN0.js: 838 bytes gzip
  assets/geodata-De9_qBkH.js: 679 bytes gzip
  assets/index-CPKizkJh.js: 33351 bytes gzip
  assets/index-DtOX4g09.js: 161100 bytes gzip
  assets/index-pSz78PDA.js: 1185 bytes gzip
  assets/labels-Bgu_ZhL8.js: 534 bytes gzip
  assets/locale-en-CrsRkaCl.js: 31372 bytes gzip
  assets/locale-zh-CN-C6iyo3hi.js: 33150 bytes gzip
  assets/locale-zh-TW-C6AZLlIs.js: 33192 bytes gzip
  assets/logs-W_KUZciY.js: 7221 bytes gzip
  assets/nav-BSwJcCsw.js: 167 bytes gzip
  assets/nav-CR1r1SQS.js: 200 bytes gzip
  assets/nav-DA3V7T7O.js: 191 bytes gzip
  assets/nav-DSDR2r30.js: 422 bytes gzip
  assets/nav-DtRXegec.js: 224 bytes gzip
  assets/nav-KhNRLIai.js: 169 bytes gzip
  assets/nav-Wiib71Wo.js: 106 bytes gzip
  assets/outbounds-v2lVaZmQ.js: 275 bytes gzip
  assets/probe-DHwK7cRj.js: 315 bytes gzip
  assets/recorder-DlDpPhd4.js: 120 bytes gzip
  assets/useGridSelectionCheckbox-CC7kk7uk.js: 2978 bytes gzip
  assets/useQuickRule-DLltX6Pa.js: 3207 bytes gzip
  assets/vendor-editor-C2hlfhq5.js: 124687 bytes gzip
  assets/vendor-react-fNq0jQLY.js: 69888 bytes gzip
js chunks: 64
js: 694493 bytes gzip / 700000 bytes budget
  assets/Editors-DC5s14nB.css: 595 bytes gzip
  assets/Flows-rQvB0AaU.css: 953 bytes gzip
  assets/activity-CP9TsAVx.css: 3648 bytes gzip
  assets/fonts-sc-DWPGxLPK.css: 30757 bytes gzip
  assets/fonts-tc-B6Zt5HQN.css: 33074 bytes gzip
  assets/index-DQBSZp-G.css: 24258 bytes gzip
css chunks: 6
css: 93285 bytes gzip / 240000 bytes budget
entry: 161100 bytes gzip
shell (entry and static imports):
  assets/_commonjsHelpers-CqkleIqs.js: 126 bytes gzip
  assets/index-DtOX4g09.js: 161100 bytes gzip
  assets/vendor-react-fNq0jQLY.js: 69888 bytes gzip
  largest locale catalogue: 33192 bytes gzip
shell: 264306 bytes gzip / 275000 bytes budget
